// Jest Snapshot v1, https://goo.gl/fbAQLP

exports[`test <TodoAdd/> snapshot 1`] = `
<Fragment>
  <h4>
    Add todo
  </h4>
  <hr />
  <form
    onSubmit={[Function]}
  >
    <input
      autoComplete="off"
      className="form-control"
      name="description"
      onChange={[Function]}
      placeholder="description..."
      type="text"
      value=""
    />
    <button
      className="btn btn-outline-primary mt-1 w-100"
      type="submit"
    >
      Add
    </button>
  </form>
</Fragment>
`;
