// Jest Snapshot v1, https://goo.gl/fbAQLP

exports[`test <TodoList/> snapshot 1`] = `
<ul
  className="list-group list-group-flush"
>
  <TodoListItems
    handleDelete={[MockFunction]}
    handleToggle={[MockFunction]}
    i={0}
    key="1"
    todo={
      Object {
        "desc": "Learn React",
        "done": false,
        "id": 1,
      }
    }
  />
  <TodoListItems
    handleDelete={[MockFunction]}
    handleToggle={[MockFunction]}
    i={1}
    key="2"
    todo={
      Object {
        "desc": "Learn Mongo",
        "done": false,
        "id": 2,
      }
    }
  />
</ul>
`;
