// Jest Snapshot v1, https://goo.gl/fbAQLP

exports[`First test <FirstApp /> should show the <FirstApp/> correctly 1`] = `
<Fragment>
  <h1>
    Hello world
  </h1>
  <p>
    Hello Subtitle
  </p>
</Fragment>
`;
