// Jest Snapshot v1, https://goo.gl/fbAQLP

exports[`test <AppRouter/> snapshot 1`] = `<AppRouter />`;
