// Jest Snapshot v1, https://goo.gl/fbAQLP

exports[`test <HomeScreen/> snapshot 1`] = `
Array [
  <h1>
    HomeScreen
  </h1>,
  <hr />,
  <pre>
    {
   "name": "Emanuel",
   "email": "emanuel@react.com"
}
  </pre>,
]
`;
