// Jest Snapshot v1, https://goo.gl/fbAQLP

exports[`Test hookApp snapshot 1`] = `
<Fragment>
  <h1>
    Hola mundo
  </h1>
</Fragment>
`;
