// Jest Snapshot v1, https://goo.gl/fbAQLP

exports[`Test GifExpertApp should return a list of categories 1`] = `
<Fragment>
  <h2>
    GifExpertApp
  </h2>
  <AddCategory
    setCategories={[Function]}
  />
  <hr />
  <ol>
    <GifGrid
      category=""
      key=""
    />
  </ol>
</Fragment>
`;

exports[`Test GifExpertApp snapshot 1`] = `
<Fragment>
  <h2>
    GifExpertApp
  </h2>
  <AddCategory
    setCategories={[Function]}
  />
  <hr />
  <ol>
    <GifGrid
      category=""
      key=""
    />
  </ol>
</Fragment>
`;
