// Jest Snapshot v1, https://goo.gl/fbAQLP

exports[`Test GifGridItme should show corretly the component 1`] = `
<div
  className="card animate__animated animate__fadeIn"
>
  <img
    alt="Title"
    src="http://localhost/algo.jpg"
  />
  <p>
     
    Title
     
  </p>
</div>
`;
